{
  "suite": "hybrid-gold-v3",
  "resolver": "resolver_candidate_v5.py",
  "adapter": "sut_adapter.py",
  "mode": "system_under_test",
  "deterministic_pass": 39,
  "deterministic_total": 40,
  "dimensions": {
    "A": {
      "pass": 37,
      "total": 38
    },
    "B": {
      "pass": 39,
      "total": 39
    },
    "C": {
      "pass": 16,
      "total": 16
    },
    "D": {
      "pass": 8,
      "total": 9
    },
    "E": {
      "pass": 9,
      "total": 9
    },
    "F": {
      "pass": 10,
      "total": 11
    },
    "G": {
      "pass": 7,
      "total": 7
    }
  },
  "external_judge_pending": 7,
  "local_semantic_judge_used": false,
  "note": ""
}
